// Jest Snapshot v1, https://goo.gl/fbAQLP

exports[`Footer should render component correctly 1`] = `
<View
  onLayout={[Function]}
  style={
    Object {
      "paddingBottom": 0,
    }
  }
>
  <View
    style={
      Object {
        "marginBottom": 25,
        "marginTop": 10,
        "width": "100%",
      }
    }
  >
    Object {
      "children": Array [
        <Text
          style={
            Object {
              "color": "#fff",
              "fontSize": 16,
              "fontWeight": "bold",
            }
          }
        >
          Continue
        </Text>,
      ],
      "props": Object {
        "accessibilityLabel": "FormButton",
        "accessible": true,
        "focusable": true,
        "onClick": [Function],
        "onResponderGrant": [Function],
        "onResponderMove": [Function],
        "onResponderRelease": [Function],
        "onResponderTerminate": [Function],
        "onResponderTerminationRequest": [Function],
        "onStartShouldSetResponder": [Function],
        "style": Array [
          Object {
            "alignItems": "center",
            "alignSelf": "stretch",
            "backgroundColor": "#003D9A",
            "borderRadius": 15,
            "height": 41,
            "justifyContent": "center",
            "marginBottom": 16,
            "marginHorizontal": 49,
            "marginTop": 6,
          },
          false,
          Object {},
        ],
      },
      "type": "View",
    }
    <Text
      style={
        Object {
          "alignItems": "center",
          "alignSelf": "center",
          "color": "#929292",
          "fontSize": 16,
          "justifyContent": "center",
          "textDecorationLine": "underline",
        }
      }
    >
      Changed your number?
    </Text>
    <Modal
      hardwareAccelerated={false}
      onDismiss={[Function]}
      transparent={true}
      visible={false}
    />
  </View>
</View>
`;
