// Jest Snapshot v1, https://goo.gl/fbAQLP

exports[`PhoneNumberVerification should render component correctly 1`] = `
<RCTScrollView
  keyboardShouldPersistTaps="handled"
  showsVerticalScrollIndicator={false}
>
  <View>
    <View
      style={
        Object {
          "paddingHorizontal": 49,
        }
      }
    >
      <Text
        style={
          Object {
            "color": "#003D9A",
            "fontSize": 22,
            "fontWeight": "bold",
            "lineHeight": 28,
            "marginTop": 31,
            "textTransform": "capitalize",
          }
        }
      />
      <Text
        style={
          Object {
            "color": "#929292",
            "fontSize": 14,
            "lineHeight": 22,
            "marginVertical": 16,
          }
        }
      />
      <View
        style={
          Object {
            "flexDirection": "row",
          }
        }
      >
        Object {
          "children": Array [
            <RCTSafeAreaView
              emulateUnlessSupported={true}
            >
              <View
                style={
                  Object {
                    "alignItems": "center",
                    "backgroundColor": "#f3f3f3",
                    "display": "flex",
                    "flexDirection": "row",
                    "height": 48,
                    "justifyContent": "center",
                    "position": "relative",
                  }
                }
              >
                <Text
                  style={
                    Object {
                      "fontSize": 18,
                      "fontWeight": "bold",
                    }
                  }
                >
                  Country Code
                </Text>
                Object {
                  "children": Array [
                    <SvgMock
                      style={
                        Object {
                          "height": 24,
                          "width": 24,
                        }
                      }
                    />,
                  ],
                  "props": Object {
                    "accessible": true,
                    "focusable": true,
                    "onClick": [Function],
                    "onResponderGrant": [Function],
                    "onResponderMove": [Function],
                    "onResponderRelease": [Function],
                    "onResponderTerminate": [Function],
                    "onResponderTerminationRequest": [Function],
                    "onStartShouldSetResponder": [Function],
                    "style": Object {
                      "alignItems": "center",
                      "display": "flex",
                      "height": 24,
                      "justifyContent": "center",
                      "opacity": 1,
                      "position": "absolute",
                      "right": 18,
                      "width": 24,
                    },
                  },
                  "type": "View",
                }
              </View>
              <View
                style={
                  Object {
                    "alignItems": "center",
                    "backgroundColor": "#f3f3f3",
                    "display": "flex",
                    "flexDirection": "row",
                    "height": 60,
                    "justifyContent": "center",
                    "paddingHorizontal": 16,
                    "position": "relative",
                  }
                }
              >
                Object {
                  "children": null,
                  "props": Object {
                    "style": Object {
                      "left": 24,
                      "position": "absolute",
                      "width": 24,
                    },
                  },
                  "type": "SvgMock",
                }
                Object {
                  "children": null,
                  "props": Object {
                    "allowFontScaling": true,
                    "onChangeText": [Function],
                    "onSubmitEditing": [Function],
                    "placeholder": "Search",
                    "placeholderTextColor": "rgba(60, 60, 67, 0.6)",
                    "rejectResponderTermination": true,
                    "returnKeyLabel": "Done",
                    "returnKeyType": "done",
                    "style": Object {
                      "backgroundColor": "rgba(118, 118, 128, 0.12)",
                      "borderRadius": 10,
                      "flex": 1,
                      "fontSize": 17,
                      "height": 36,
                      "padding": 0,
                      "paddingLeft": 34,
                    },
                    "underlineColorAndroid": "transparent",
                    "value": "",
                  },
                  "type": "TextInput",
                }
              </View>
              Object {
                "children": Array [
                  <View>
                    <View
                      onLayout={[Function]}
                      style={null}
                    >
                      <View
                        style={
                          Object {
                            "backgroundColor": "#f3f3f3",
                            "display": "flex",
                            "height": 28,
                            "justifyContent": "center",
                            "paddingHorizontal": 16,
                          }
                        }
                      >
                        <Text
                          style={
                            Object {
                              "fontSize": 17,
                              "fontWeight": "600",
                            }
                          }
                        >
                          A
                        </Text>
                      </View>
                    </View>
                    <View
                      onLayout={[Function]}
                      style={null}
                    >
                      <View>
                        <View
                          accessible={true}
                          focusable={true}
                          onClick={[Function]}
                          onResponderGrant={[Function]}
                          onResponderMove={[Function]}
                          onResponderRelease={[Function]}
                          onResponderTerminate={[Function]}
                          onResponderTerminationRequest={[Function]}
                          onStartShouldSetResponder={[Function]}
                          style={
                            Object {
                              "display": "flex",
                              "height": 44,
                              "justifyContent": "center",
                              "marginHorizontal": 16,
                              "opacity": 1,
                            }
                          }
                        >
                          <Text>
                            Afghanistan
                          </Text>
                        </View>
                        <View
                          style={
                            Object {
                              "borderBottomColor": "#c8c7cc",
                              "borderBottomWidth": 1,
                              "marginHorizontal": 16,
                            }
                          }
                        />
                      </View>
                    </View>
                    <View
                      onLayout={[Function]}
                      style={null}
                    >
                      <View>
                        <View
                          accessible={true}
                          focusable={true}
                          onClick={[Function]}
                          onResponderGrant={[Function]}
                          onResponderMove={[Function]}
                          onResponderRelease={[Function]}
                          onResponderTerminate={[Function]}
                          onResponderTerminationRequest={[Function]}
                          onStartShouldSetResponder={[Function]}
                          style={
                            Object {
                              "display": "flex",
                              "height": 44,
                              "justifyContent": "center",
                              "marginHorizontal": 16,
                              "opacity": 1,
                            }
                          }
                        >
                          <Text>
                            Albania
                          </Text>
                        </View>
                        <View
                          style={
                            Object {
                              "borderBottomColor": "#c8c7cc",
                              "borderBottomWidth": 1,
                              "marginHorizontal": 16,
                            }
                          }
                        />
                      </View>
                    </View>
                    <View
                      onLayout={[Function]}
                      style={null}
                    >
                      <View>
                        <View
                          accessible={true}
                          focusable={true}
                          onClick={[Function]}
                          onResponderGrant={[Function]}
                          onResponderMove={[Function]}
                          onResponderRelease={[Function]}
                          onResponderTerminate={[Function]}
                          onResponderTerminationRequest={[Function]}
                          onStartShouldSetResponder={[Function]}
                          style={
                            Object {
                              "display": "flex",
                              "height": 44,
                              "justifyContent": "center",
                              "marginHorizontal": 16,
                              "opacity": 1,
                            }
                          }
                        >
                          <Text>
                            Algeria
                          </Text>
                        </View>
                        <View
                          style={
                            Object {
                              "borderBottomColor": "#c8c7cc",
                              "borderBottomWidth": 1,
                              "marginHorizontal": 16,
                            }
                          }
                        />
                      </View>
                    </View>
                    <View
                      onLayout={[Function]}
                      style={null}
                    >
                      <View>
                        <View
                          accessible={true}
                          focusable={true}
                          onClick={[Function]}
                          onResponderGrant={[Function]}
                          onResponderMove={[Function]}
                          onResponderRelease={[Function]}
                          onResponderTerminate={[Function]}
                          onResponderTerminationRequest={[Function]}
                          onStartShouldSetResponder={[Function]}
                          style={
                            Object {
                              "display": "flex",
                              "height": 44,
                              "justifyContent": "center",
                              "marginHorizontal": 16,
                              "opacity": 1,
                            }
                          }
                        >
                          <Text>
                            American Samoa
                          </Text>
                        </View>
                        <View
                          style={
                            Object {
                              "borderBottomColor": "#c8c7cc",
                              "borderBottomWidth": 1,
                              "marginHorizontal": 16,
                            }
                          }
                        />
                      </View>
                    </View>
                    <View
                      onLayout={[Function]}
                      style={null}
                    >
                      <View>
                        <View
                          accessible={true}
                          focusable={true}
                          onClick={[Function]}
                          onResponderGrant={[Function]}
                          onResponderMove={[Function]}
                          onResponderRelease={[Function]}
                          onResponderTerminate={[Function]}
                          onResponderTerminationRequest={[Function]}
                          onStartShouldSetResponder={[Function]}
                          style={
                            Object {
                              "display": "flex",
                              "height": 44,
                              "justifyContent": "center",
                              "marginHorizontal": 16,
                              "opacity": 1,
                            }
                          }
                        >
                          <Text>
                            Andorra
                          </Text>
                        </View>
                        <View
                          style={
                            Object {
                              "borderBottomColor": "#c8c7cc",
                              "borderBottomWidth": 1,
                              "marginHorizontal": 16,
                            }
                          }
                        />
                      </View>
                    </View>
                    <View
                      onLayout={[Function]}
                      style={null}
                    >
                      <View>
                        <View
                          accessible={true}
                          focusable={true}
                          onClick={[Function]}
                          onResponderGrant={[Function]}
                          onResponderMove={[Function]}
                          onResponderRelease={[Function]}
                          onResponderTerminate={[Function]}
                          onResponderTerminationRequest={[Function]}
                          onStartShouldSetResponder={[Function]}
                          style={
                            Object {
                              "display": "flex",
                              "height": 44,
                              "justifyContent": "center",
                              "marginHorizontal": 16,
                              "opacity": 1,
                            }
                          }
                        >
                          <Text>
                            Angola
                          </Text>
                        </View>
                        <View
                          style={
                            Object {
                              "borderBottomColor": "#c8c7cc",
                              "borderBottomWidth": 1,
                              "marginHorizontal": 16,
                            }
                          }
                        />
                      </View>
                    </View>
                    <View
                      onLayout={[Function]}
                      style={null}
                    >
                      <View>
                        <View
                          accessible={true}
                          focusable={true}
                          onClick={[Function]}
                          onResponderGrant={[Function]}
                          onResponderMove={[Function]}
                          onResponderRelease={[Function]}
                          onResponderTerminate={[Function]}
                          onResponderTerminationRequest={[Function]}
                          onStartShouldSetResponder={[Function]}
                          style={
                            Object {
                              "display": "flex",
                              "height": 44,
                              "justifyContent": "center",
                              "marginHorizontal": 16,
                              "opacity": 1,
                            }
                          }
                        >
                          <Text>
                            Anguilla
                          </Text>
                        </View>
                        <View
                          style={
                            Object {
                              "borderBottomColor": "#c8c7cc",
                              "borderBottomWidth": 1,
                              "marginHorizontal": 16,
                            }
                          }
                        />
                      </View>
                    </View>
                    <View
                      onLayout={[Function]}
                      style={null}
                    >
                      <View>
                        <View
                          accessible={true}
                          focusable={true}
                          onClick={[Function]}
                          onResponderGrant={[Function]}
                          onResponderMove={[Function]}
                          onResponderRelease={[Function]}
                          onResponderTerminate={[Function]}
                          onResponderTerminationRequest={[Function]}
                          onStartShouldSetResponder={[Function]}
                          style={
                            Object {
                              "display": "flex",
                              "height": 44,
                              "justifyContent": "center",
                              "marginHorizontal": 16,
                              "opacity": 1,
                            }
                          }
                        >
                          <Text>
                            Antigua
                          </Text>
                        </View>
                        <View
                          style={
                            Object {
                              "borderBottomColor": "#c8c7cc",
                              "borderBottomWidth": 1,
                              "marginHorizontal": 16,
                            }
                          }
                        />
                      </View>
                    </View>
                    <View
                      onLayout={[Function]}
                      style={null}
                    >
                      <View>
                        <View
                          accessible={true}
                          focusable={true}
                          onClick={[Function]}
                          onResponderGrant={[Function]}
                          onResponderMove={[Function]}
                          onResponderRelease={[Function]}
                          onResponderTerminate={[Function]}
                          onResponderTerminationRequest={[Function]}
                          onStartShouldSetResponder={[Function]}
                          style={
                            Object {
                              "display": "flex",
                              "height": 44,
                              "justifyContent": "center",
                              "marginHorizontal": 16,
                              "opacity": 1,
                            }
                          }
                        >
                          <Text>
                            Argentina
                          </Text>
                        </View>
                        <View
                          style={
                            Object {
                              "borderBottomColor": "#c8c7cc",
                              "borderBottomWidth": 1,
                              "marginHorizontal": 16,
                            }
                          }
                        />
                      </View>
                    </View>
                    <View
                      style={
                        Object {
                          "height": 0,
                        }
                      }
                    />
                  </View>,
                ],
                "props": Object {
                  "ItemSeparatorComponent": undefined,
                  "data": Array [
                    Object {
                      "category": "A",
                      "data": Array [
                        Object {
                          "countryCode": "AF",
                          "countryName": "Afghanistan",
                          "diallingCode": "+93",
                        },
                        Object {
                          "countryCode": "AL",
                          "countryName": "Albania",
                          "diallingCode": "+355",
                        },
                        Object {
                          "countryCode": "DZ",
                          "countryName": "Algeria",
                          "diallingCode": "+213",
                        },
                        Object {
                          "countryCode": "AS",
                          "countryName": "American Samoa",
                          "diallingCode": "+1",
                        },
                        Object {
                          "countryCode": "AD",
                          "countryName": "Andorra",
                          "diallingCode": "+376",
                        },
                        Object {
                          "countryCode": "AO",
                          "countryName": "Angola",
                          "diallingCode": "+244",
                        },
                        Object {
                          "countryCode": "AI",
                          "countryName": "Anguilla",
                          "diallingCode": "+1",
                        },
                        Object {
                          "countryCode": "AG",
                          "countryName": "Antigua",
                          "diallingCode": "+1",
                        },
                        Object {
                          "countryCode": "AR",
                          "countryName": "Argentina",
                          "diallingCode": "+54",
                        },
                        Object {
                          "countryCode": "AM",
                          "countryName": "Armenia",
                          "diallingCode": "+374",
                        },
                        Object {
                          "countryCode": "AW",
                          "countryName": "Aruba",
                          "diallingCode": "+297",
                        },
                        Object {
                          "countryCode": "AU",
                          "countryName": "Australia",
                          "diallingCode": "+61",
                        },
                        Object {
                          "countryCode": "AT",
                          "countryName": "Austria",
                          "diallingCode": "+43",
                        },
                        Object {
                          "countryCode": "AZ",
                          "countryName": "Azerbaijan",
                          "diallingCode": "+994",
                        },
                      ],
                    },
                    Object {
                      "category": "B",
                      "data": Array [
                        Object {
                          "countryCode": "BH",
                          "countryName": "Bahrain",
                          "diallingCode": "+973",
                        },
                        Object {
                          "countryCode": "BD",
                          "countryName": "Bangladesh",
                          "diallingCode": "+880",
                        },
                        Object {
                          "countryCode": "BB",
                          "countryName": "Barbados",
                          "diallingCode": "+1",
                        },
                        Object {
                          "countryCode": "BY",
                          "countryName": "Belarus",
                          "diallingCode": "+375",
                        },
                        Object {
                          "countryCode": "BE",
                          "countryName": "Belgium",
                          "diallingCode": "+32",
                        },
                        Object {
                          "countryCode": "BZ",
                          "countryName": "Belize",
                          "diallingCode": "+501",
                        },
                        Object {
                          "countryCode": "BJ",
                          "countryName": "Benin",
                          "diallingCode": "+229",
                        },
                        Object {
                          "countryCode": "BM",
                          "countryName": "Bermuda",
                          "diallingCode": "+1",
                        },
                        Object {
                          "countryCode": "BT",
                          "countryName": "Bhutan",
                          "diallingCode": "+975",
                        },
                        Object {
                          "countryCode": "BO",
                          "countryName": "Bolivia",
                          "diallingCode": "+591",
                        },
                        Object {
                          "countryCode": "BA",
                          "countryName": "Bosnia and Herzegovina",
                          "diallingCode": "+387",
                        },
                        Object {
                          "countryCode": "BW",
                          "countryName": "Botswana",
                          "diallingCode": "+267",
                        },
                        Object {
                          "countryCode": "BR",
                          "countryName": "Brazil",
                          "diallingCode": "+55",
                        },
                        Object {
                          "countryCode": "IO",
                          "countryName": "British Indian Ocean Territory",
                          "diallingCode": "+246",
                        },
                        Object {
                          "countryCode": "VG",
                          "countryName": "British Virgin Islands",
                          "diallingCode": "+1",
                        },
                        Object {
                          "countryCode": "BN",
                          "countryName": "Brunei",
                          "diallingCode": "+673",
                        },
                        Object {
                          "countryCode": "BG",
                          "countryName": "Bulgaria",
                          "diallingCode": "+359",
                        },
                        Object {
                          "countryCode": "BF",
                          "countryName": "Burkina Faso",
                          "diallingCode": "+226",
                        },
                        Object {
                          "countryCode": "MM",
                          "countryName": "Burma Myanmar",
                          "diallingCode": "+95",
                        },
                        Object {
                          "countryCode": "BI",
                          "countryName": "Burundi",
                          "diallingCode": "+257",
                        },
                      ],
                    },
                    Object {
                      "category": "C",
                      "data": Array [
                        Object {
                          "countryCode": "KH",
                          "countryName": "Cambodia",
                          "diallingCode": "+855",
                        },
                        Object {
                          "countryCode": "CM",
                          "countryName": "Cameroon",
                          "diallingCode": "+237",
                        },
                        Object {
                          "countryCode": "CA",
                          "countryName": "Canada",
                          "diallingCode": "+1",
                        },
                        Object {
                          "countryCode": "CV",
                          "countryName": "Cape Verde",
                          "diallingCode": "+238",
                        },
                        Object {
                          "countryCode": "KY",
                          "countryName": "Cayman Islands",
                          "diallingCode": "+1",
                        },
                        Object {
                          "countryCode": "CF",
                          "countryName": "Central African Republic",
                          "diallingCode": "+236",
                        },
                        Object {
                          "countryCode": "TD",
                          "countryName": "Chad",
                          "diallingCode": "+235",
                        },
                        Object {
                          "countryCode": "CL",
                          "countryName": "Chile",
                          "diallingCode": "+56",
                        },
                        Object {
                          "countryCode": "CN",
                          "countryName": "China",
                          "diallingCode": "+86",
                        },
                        Object {
                          "countryCode": "CO",
                          "countryName": "Colombia",
                          "diallingCode": "+57",
                        },
                        Object {
                          "countryCode": "KM",
                          "countryName": "Comoros",
                          "diallingCode": "+269",
                        },
                        Object {
                          "countryCode": "CK",
                          "countryName": "Cook Islands",
                          "diallingCode": "+682",
                        },
                        Object {
                          "countryCode": "CR",
                          "countryName": "Costa Rica",
                          "diallingCode": "+506",
                        },
                        Object {
                          "countryCode": "HR",
                          "countryName": "Croatia",
                          "diallingCode": "+385",
                        },
                        Object {
                          "countryCode": "CU",
                          "countryName": "Cuba",
                          "diallingCode": "+53",
                        },
                        Object {
                          "countryCode": "CY",
                          "countryName": "Cyprus",
                          "diallingCode": "+357",
                        },
                        Object {
                          "countryCode": "CZ",
                          "countryName": "Czech Republic",
                          "diallingCode": "+420",
                        },
                        Object {
                          "countryCode": "CI",
                          "countryName": "Côte d'Ivoire",
                          "diallingCode": "+225",
                        },
                      ],
                    },
                    Object {
                      "category": "D",
                      "data": Array [
                        Object {
                          "countryCode": "CD",
                          "countryName": "Democratic Republic of Congo",
                          "diallingCode": "+243",
                        },
                        Object {
                          "countryCode": "DK",
                          "countryName": "Denmark",
                          "diallingCode": "+45",
                        },
                        Object {
                          "countryCode": "DJ",
                          "countryName": "Djibouti",
                          "diallingCode": "+253",
                        },
                        Object {
                          "countryCode": "DM",
                          "countryName": "Dominica",
                          "diallingCode": "+1",
                        },
                        Object {
                          "countryCode": "DO",
                          "countryName": "Dominican Republic",
                          "diallingCode": "+1",
                        },
                      ],
                    },
                    Object {
                      "category": "E",
                      "data": Array [
                        Object {
                          "countryCode": "EC",
                          "countryName": "Ecuador",
                          "diallingCode": "+593",
                        },
                        Object {
                          "countryCode": "EG",
                          "countryName": "Egypt",
                          "diallingCode": "+20",
                        },
                        Object {
                          "countryCode": "SV",
                          "countryName": "El Salvador",
                          "diallingCode": "+503",
                        },
                        Object {
                          "countryCode": "GQ",
                          "countryName": "Equatorial Guinea",
                          "diallingCode": "+240",
                        },
                        Object {
                          "countryCode": "ER",
                          "countryName": "Eritrea",
                          "diallingCode": "+291",
                        },
                        Object {
                          "countryCode": "EE",
                          "countryName": "Estonia",
                          "diallingCode": "+372",
                        },
                        Object {
                          "countryCode": "ET",
                          "countryName": "Ethiopia",
                          "diallingCode": "+251",
                        },
                      ],
                    },
                    Object {
                      "category": "F",
                      "data": Array [
                        Object {
                          "countryCode": "FK",
                          "countryName": "Falkland Islands",
                          "diallingCode": "+500",
                        },
                        Object {
                          "countryCode": "FO",
                          "countryName": "Faroe Islands",
                          "diallingCode": "+298",
                        },
                        Object {
                          "countryCode": "FM",
                          "countryName": "Federated States of Micronesia",
                          "diallingCode": "+691",
                        },
                        Object {
                          "countryCode": "FJ",
                          "countryName": "Fiji",
                          "diallingCode": "+679",
                        },
                        Object {
                          "countryCode": "FI",
                          "countryName": "Finland",
                          "diallingCode": "+358",
                        },
                        Object {
                          "countryCode": "FR",
                          "countryName": "France",
                          "diallingCode": "+33",
                        },
                        Object {
                          "countryCode": "GF",
                          "countryName": "French Guiana",
                          "diallingCode": "+594",
                        },
                        Object {
                          "countryCode": "PF",
                          "countryName": "French Polynesia",
                          "diallingCode": "+689",
                        },
                      ],
                    },
                    Object {
                      "category": "G",
                      "data": Array [
                        Object {
                          "countryCode": "GA",
                          "countryName": "Gabon",
                          "diallingCode": "+241",
                        },
                        Object {
                          "countryCode": "GE",
                          "countryName": "Georgia",
                          "diallingCode": "+995",
                        },
                        Object {
                          "countryCode": "DE",
                          "countryName": "Germany",
                          "diallingCode": "+49",
                        },
                        Object {
                          "countryCode": "GH",
                          "countryName": "Ghana",
                          "diallingCode": "+233",
                        },
                        Object {
                          "countryCode": "GI",
                          "countryName": "Gibraltar",
                          "diallingCode": "+350",
                        },
                        Object {
                          "countryCode": "GR",
                          "countryName": "Greece",
                          "diallingCode": "+30",
                        },
                        Object {
                          "countryCode": "GL",
                          "countryName": "Greenland",
                          "diallingCode": "+299",
                        },
                        Object {
                          "countryCode": "GD",
                          "countryName": "Grenada",
                          "diallingCode": "+1",
                        },
                        Object {
                          "countryCode": "GP",
                          "countryName": "Guadeloupe",
                          "diallingCode": "+590",
                        },
                        Object {
                          "countryCode": "GU",
                          "countryName": "Guam",
                          "diallingCode": "+1",
                        },
                        Object {
                          "countryCode": "GT",
                          "countryName": "Guatemala",
                          "diallingCode": "+502",
                        },
                        Object {
                          "countryCode": "GN",
                          "countryName": "Guinea",
                          "diallingCode": "+224",
                        },
                        Object {
                          "countryCode": "GW",
                          "countryName": "Guinea-Bissau",
                          "diallingCode": "+245",
                        },
                        Object {
                          "countryCode": "GY",
                          "countryName": "Guyana",
                          "diallingCode": "+592",
                        },
                      ],
                    },
                    Object {
                      "category": "H",
                      "data": Array [
                        Object {
                          "countryCode": "HT",
                          "countryName": "Haiti",
                          "diallingCode": "+509",
                        },
                        Object {
                          "countryCode": "HN",
                          "countryName": "Honduras",
                          "diallingCode": "+504",
                        },
                        Object {
                          "countryCode": "HK",
                          "countryName": "Hong Kong",
                          "diallingCode": "+852",
                        },
                        Object {
                          "countryCode": "HU",
                          "countryName": "Hungary",
                          "diallingCode": "+36",
                        },
                      ],
                    },
                    Object {
                      "category": "I",
                      "data": Array [
                        Object {
                          "countryCode": "IS",
                          "countryName": "Iceland",
                          "diallingCode": "+354",
                        },
                        Object {
                          "countryCode": "IN",
                          "countryName": "India",
                          "diallingCode": "+91",
                        },
                        Object {
                          "countryCode": "ID",
                          "countryName": "Indonesia",
                          "diallingCode": "+62",
                        },
                        Object {
                          "countryCode": "IR",
                          "countryName": "Iran",
                          "diallingCode": "+98",
                        },
                        Object {
                          "countryCode": "IQ",
                          "countryName": "Iraq",
                          "diallingCode": "+964",
                        },
                        Object {
                          "countryCode": "IE",
                          "countryName": "Ireland",
                          "diallingCode": "+353",
                        },
                        Object {
                          "countryCode": "IL",
                          "countryName": "Israel",
                          "diallingCode": "+972",
                        },
                        Object {
                          "countryCode": "IT",
                          "countryName": "Italy",
                          "diallingCode": "+39",
                        },
                      ],
                    },
                    Object {
                      "category": "J",
                      "data": Array [
                        Object {
                          "countryCode": "JM",
                          "countryName": "Jamaica",
                          "diallingCode": "+1",
                        },
                        Object {
                          "countryCode": "JP",
                          "countryName": "Japan",
                          "diallingCode": "+81",
                        },
                        Object {
                          "countryCode": "JO",
                          "countryName": "Jordan",
                          "diallingCode": "+962",
                        },
                      ],
                    },
                    Object {
                      "category": "K",
                      "data": Array [
                        Object {
                          "countryCode": "KZ",
                          "countryName": "Kazakhstan",
                          "diallingCode": "+7",
                        },
                        Object {
                          "countryCode": "KE",
                          "countryName": "Kenya",
                          "diallingCode": "+254",
                        },
                        Object {
                          "countryCode": "KI",
                          "countryName": "Kiribati",
                          "diallingCode": "+686",
                        },
                        Object {
                          "countryCode": "XK",
                          "countryName": "Kosovo",
                          "diallingCode": "+381",
                        },
                        Object {
                          "countryCode": "KW",
                          "countryName": "Kuwait",
                          "diallingCode": "+965",
                        },
                        Object {
                          "countryCode": "KG",
                          "countryName": "Kyrgyzstan",
                          "diallingCode": "+996",
                        },
                      ],
                    },
                    Object {
                      "category": "L",
                      "data": Array [
                        Object {
                          "countryCode": "LA",
                          "countryName": "Laos",
                          "diallingCode": "+856",
                        },
                        Object {
                          "countryCode": "LV",
                          "countryName": "Latvia",
                          "diallingCode": "+371",
                        },
                        Object {
                          "countryCode": "LB",
                          "countryName": "Lebanon",
                          "diallingCode": "+961",
                        },
                        Object {
                          "countryCode": "LS",
                          "countryName": "Lesotho",
                          "diallingCode": "+266",
                        },
                        Object {
                          "countryCode": "LR",
                          "countryName": "Liberia",
                          "diallingCode": "+231",
                        },
                        Object {
                          "countryCode": "LY",
                          "countryName": "Libya",
                          "diallingCode": "+218",
                        },
                        Object {
                          "countryCode": "LI",
                          "countryName": "Liechtenstein",
                          "diallingCode": "+423",
                        },
                        Object {
                          "countryCode": "LT",
                          "countryName": "Lithuania",
                          "diallingCode": "+370",
                        },
                        Object {
                          "countryCode": "LU",
                          "countryName": "Luxembourg",
                          "diallingCode": "+352",
                        },
                      ],
                    },
                    Object {
                      "category": "M",
                      "data": Array [
                        Object {
                          "countryCode": "MO",
                          "countryName": "Macau",
                          "diallingCode": "+853",
                        },
                        Object {
                          "countryCode": "MK",
                          "countryName": "Macedonia",
                          "diallingCode": "+389",
                        },
                        Object {
                          "countryCode": "MG",
                          "countryName": "Madagascar",
                          "diallingCode": "+261",
                        },
                        Object {
                          "countryCode": "MW",
                          "countryName": "Malawi",
                          "diallingCode": "+265",
                        },
                        Object {
                          "countryCode": "MY",
                          "countryName": "Malaysia",
                          "diallingCode": "+60",
                        },
                        Object {
                          "countryCode": "MV",
                          "countryName": "Maldives",
                          "diallingCode": "+960",
                        },
                        Object {
                          "countryCode": "ML",
                          "countryName": "Mali",
                          "diallingCode": "+223",
                        },
                        Object {
                          "countryCode": "MT",
                          "countryName": "Malta",
                          "diallingCode": "+356",
                        },
                        Object {
                          "countryCode": "MH",
                          "countryName": "Marshall Islands",
                          "diallingCode": "+692",
                        },
                        Object {
                          "countryCode": "MQ",
                          "countryName": "Martinique",
                          "diallingCode": "+596",
                        },
                        Object {
                          "countryCode": "MR",
                          "countryName": "Mauritania",
                          "diallingCode": "+222",
                        },
                        Object {
                          "countryCode": "MU",
                          "countryName": "Mauritius",
                          "diallingCode": "+230",
                        },
                        Object {
                          "countryCode": "YT",
                          "countryName": "Mayotte",
                          "diallingCode": "+262",
                        },
                        Object {
                          "countryCode": "MX",
                          "countryName": "Mexico",
                          "diallingCode": "+52",
                        },
                        Object {
                          "countryCode": "MD",
                          "countryName": "Moldova",
                          "diallingCode": "+373",
                        },
                        Object {
                          "countryCode": "MC",
                          "countryName": "Monaco",
                          "diallingCode": "+377",
                        },
                        Object {
                          "countryCode": "MN",
                          "countryName": "Mongolia",
                          "diallingCode": "+976",
                        },
                        Object {
                          "countryCode": "ME",
                          "countryName": "Montenegro",
                          "diallingCode": "+382",
                        },
                        Object {
                          "countryCode": "MS",
                          "countryName": "Montserrat",
                          "diallingCode": "+1",
                        },
                        Object {
                          "countryCode": "MA",
                          "countryName": "Morocco",
                          "diallingCode": "+212",
                        },
                        Object {
                          "countryCode": "MZ",
                          "countryName": "Mozambique",
                          "diallingCode": "+258",
                        },
                      ],
                    },
                    Object {
                      "category": "N",
                      "data": Array [
                        Object {
                          "countryCode": "NA",
                          "countryName": "Namibia",
                          "diallingCode": "+264",
                        },
                        Object {
                          "countryCode": "NR",
                          "countryName": "Nauru",
                          "diallingCode": "+674",
                        },
                        Object {
                          "countryCode": "NP",
                          "countryName": "Nepal",
                          "diallingCode": "+977",
                        },
                        Object {
                          "countryCode": "NL",
                          "countryName": "Netherlands",
                          "diallingCode": "+31",
                        },
                        Object {
                          "countryCode": "AN",
                          "countryName": "Netherlands Antilles",
                          "diallingCode": "+599",
                        },
                        Object {
                          "countryCode": "NC",
                          "countryName": "New Caledonia",
                          "diallingCode": "+687",
                        },
                        Object {
                          "countryCode": "NZ",
                          "countryName": "New Zealand",
                          "diallingCode": "+64",
                        },
                        Object {
                          "countryCode": "NI",
                          "countryName": "Nicaragua",
                          "diallingCode": "+505",
                        },
                        Object {
                          "countryCode": "NE",
                          "countryName": "Niger",
                          "diallingCode": "+227",
                        },
                        Object {
                          "countryCode": "NG",
                          "countryName": "Nigeria",
                          "diallingCode": "+234",
                        },
                        Object {
                          "countryCode": "NU",
                          "countryName": "Niue",
                          "diallingCode": "+683",
                        },
                        Object {
                          "countryCode": "NF",
                          "countryName": "Norfolk Island",
                          "diallingCode": "+672",
                        },
                        Object {
                          "countryCode": "KP",
                          "countryName": "North Korea",
                          "diallingCode": "+850",
                        },
                        Object {
                          "countryCode": "MP",
                          "countryName": "Northern Mariana Islands",
                          "diallingCode": "+1",
                        },
                        Object {
                          "countryCode": "NO",
                          "countryName": "Norway",
                          "diallingCode": "+47",
                        },
                      ],
                    },
                    Object {
                      "category": "O",
                      "data": Array [
                        Object {
                          "countryCode": "OM",
                          "countryName": "Oman",
                          "diallingCode": "+968",
                        },
                      ],
                    },
                    Object {
                      "category": "P",
                      "data": Array [
                        Object {
                          "countryCode": "PK",
                          "countryName": "Pakistan",
                          "diallingCode": "+92",
                        },
                        Object {
                          "countryCode": "PW",
                          "countryName": "Palau",
                          "diallingCode": "+680",
                        },
                        Object {
                          "countryCode": "PS",
                          "countryName": "Palestine",
                          "diallingCode": "+970",
                        },
                        Object {
                          "countryCode": "PA",
                          "countryName": "Panama",
                          "diallingCode": "+507",
                        },
                        Object {
                          "countryCode": "PG",
                          "countryName": "Papua New Guinea",
                          "diallingCode": "+675",
                        },
                        Object {
                          "countryCode": "PY",
                          "countryName": "Paraguay",
                          "diallingCode": "+595",
                        },
                        Object {
                          "countryCode": "PE",
                          "countryName": "Peru",
                          "diallingCode": "+51",
                        },
                        Object {
                          "countryCode": "PH",
                          "countryName": "Philippines",
                          "diallingCode": "+63",
                        },
                        Object {
                          "countryCode": "PL",
                          "countryName": "Poland",
                          "diallingCode": "+48",
                        },
                        Object {
                          "countryCode": "PT",
                          "countryName": "Portugal",
                          "diallingCode": "+351",
                        },
                        Object {
                          "countryCode": "PR",
                          "countryName": "Puerto Rico",
                          "diallingCode": "+1",
                        },
                      ],
                    },
                    Object {
                      "category": "Q",
                      "data": Array [
                        Object {
                          "countryCode": "QA",
                          "countryName": "Qatar",
                          "diallingCode": "+974",
                        },
                      ],
                    },
                    Object {
                      "category": "R",
                      "data": Array [
                        Object {
                          "countryCode": "CG",
                          "countryName": "Republic of the Congo",
                          "diallingCode": "+242",
                        },
                        Object {
                          "countryCode": "RO",
                          "countryName": "Romania",
                          "diallingCode": "+40",
                        },
                        Object {
                          "countryCode": "RU",
                          "countryName": "Russia",
                          "diallingCode": "+7",
                        },
                        Object {
                          "countryCode": "RW",
                          "countryName": "Rwanda",
                          "diallingCode": "+250",
                        },
                        Object {
                          "countryCode": "RE",
                          "countryName": "Réunion",
                          "diallingCode": "+262",
                        },
                      ],
                    },
                    Object {
                      "category": "S",
                      "data": Array [
                        Object {
                          "countryCode": "BL",
                          "countryName": "Saint Barthélemy",
                          "diallingCode": "+590",
                        },
                        Object {
                          "countryCode": "SH",
                          "countryName": "Saint Helena",
                          "diallingCode": "+290",
                        },
                        Object {
                          "countryCode": "KN",
                          "countryName": "Saint Kitts and Nevis",
                          "diallingCode": "+1",
                        },
                        Object {
                          "countryCode": "MF",
                          "countryName": "Saint Martin",
                          "diallingCode": "+590",
                        },
                        Object {
                          "countryCode": "PM",
                          "countryName": "Saint Pierre and Miquelon",
                          "diallingCode": "+508",
                        },
                        Object {
                          "countryCode": "VC",
                          "countryName": "Saint Vincent and the Grenadines",
                          "diallingCode": "+1",
                        },
                        Object {
                          "countryCode": "WS",
                          "countryName": "Samoa",
                          "diallingCode": "+685",
                        },
                        Object {
                          "countryCode": "SM",
                          "countryName": "San Marino",
                          "diallingCode": "+378",
                        },
                        Object {
                          "countryCode": "SA",
                          "countryName": "Saudi Arabia",
                          "diallingCode": "+966",
                        },
                        Object {
                          "countryCode": "SN",
                          "countryName": "Senegal",
                          "diallingCode": "+221",
                        },
                        Object {
                          "countryCode": "RS",
                          "countryName": "Serbia",
                          "diallingCode": "+381",
                        },
                        Object {
                          "countryCode": "SC",
                          "countryName": "Seychelles",
                          "diallingCode": "+248",
                        },
                        Object {
                          "countryCode": "SL",
                          "countryName": "Sierra Leone",
                          "diallingCode": "+232",
                        },
                        Object {
                          "countryCode": "SG",
                          "countryName": "Singapore",
                          "diallingCode": "+65",
                        },
                        Object {
                          "countryCode": "SK",
                          "countryName": "Slovakia",
                          "diallingCode": "+421",
                        },
                        Object {
                          "countryCode": "SI",
                          "countryName": "Slovenia",
                          "diallingCode": "+386",
                        },
                        Object {
                          "countryCode": "SB",
                          "countryName": "Solomon Islands",
                          "diallingCode": "+677",
                        },
                        Object {
                          "countryCode": "SO",
                          "countryName": "Somalia",
                          "diallingCode": "+252",
                        },
                        Object {
                          "countryCode": "ZA",
                          "countryName": "South Africa",
                          "diallingCode": "+27",
                        },
                        Object {
                          "countryCode": "KR",
                          "countryName": "South Korea",
                          "diallingCode": "+82",
                        },
                        Object {
                          "countryCode": "ES",
                          "countryName": "Spain",
                          "diallingCode": "+34",
                        },
                        Object {
                          "countryCode": "LK",
                          "countryName": "Sri Lanka",
                          "diallingCode": "+94",
                        },
                        Object {
                          "countryCode": "LC",
                          "countryName": "St. Lucia",
                          "diallingCode": "+1",
                        },
                        Object {
                          "countryCode": "SD",
                          "countryName": "Sudan",
                          "diallingCode": "+249",
                        },
                        Object {
                          "countryCode": "SR",
                          "countryName": "Suriname",
                          "diallingCode": "+597",
                        },
                        Object {
                          "countryCode": "SZ",
                          "countryName": "Swaziland",
                          "diallingCode": "+268",
                        },
                        Object {
                          "countryCode": "SE",
                          "countryName": "Sweden",
                          "diallingCode": "+46",
                        },
                        Object {
                          "countryCode": "CH",
                          "countryName": "Switzerland",
                          "diallingCode": "+41",
                        },
                        Object {
                          "countryCode": "SY",
                          "countryName": "Syria",
                          "diallingCode": "+963",
                        },
                        Object {
                          "countryCode": "ST",
                          "countryName": "São Tomé and Príncipe",
                          "diallingCode": "+239",
                        },
                      ],
                    },
                    Object {
                      "category": "T",
                      "data": Array [
                        Object {
                          "countryCode": "TW",
                          "countryName": "Taiwan",
                          "diallingCode": "+886",
                        },
                        Object {
                          "countryCode": "TJ",
                          "countryName": "Tajikistan",
                          "diallingCode": "+992",
                        },
                        Object {
                          "countryCode": "TZ",
                          "countryName": "Tanzania",
                          "diallingCode": "+255",
                        },
                        Object {
                          "countryCode": "TH",
                          "countryName": "Thailand",
                          "diallingCode": "+66",
                        },
                        Object {
                          "countryCode": "BS",
                          "countryName": "The Bahamas",
                          "diallingCode": "+1",
                        },
                        Object {
                          "countryCode": "GM",
                          "countryName": "The Gambia",
                          "diallingCode": "+220",
                        },
                        Object {
                          "countryCode": "TL",
                          "countryName": "Timor-Leste",
                          "diallingCode": "+670",
                        },
                        Object {
                          "countryCode": "TG",
                          "countryName": "Togo",
                          "diallingCode": "+228",
                        },
                        Object {
                          "countryCode": "TK",
                          "countryName": "Tokelau",
                          "diallingCode": "+690",
                        },
                        Object {
                          "countryCode": "TO",
                          "countryName": "Tonga",
                          "diallingCode": "+676",
                        },
                        Object {
                          "countryCode": "TT",
                          "countryName": "Trinidad and Tobago",
                          "diallingCode": "+1",
                        },
                        Object {
                          "countryCode": "TN",
                          "countryName": "Tunisia",
                          "diallingCode": "+216",
                        },
                        Object {
                          "countryCode": "TR",
                          "countryName": "Turkey",
                          "diallingCode": "+90",
                        },
                        Object {
                          "countryCode": "TM",
                          "countryName": "Turkmenistan",
                          "diallingCode": "+993",
                        },
                        Object {
                          "countryCode": "TC",
                          "countryName": "Turks and Caicos Islands",
                          "diallingCode": "+1",
                        },
                        Object {
                          "countryCode": "TV",
                          "countryName": "Tuvalu",
                          "diallingCode": "+688",
                        },
                      ],
                    },
                    Object {
                      "category": "U",
                      "data": Array [
                        Object {
                          "countryCode": "VI",
                          "countryName": "US Virgin Islands",
                          "diallingCode": "+1",
                        },
                        Object {
                          "countryCode": "UG",
                          "countryName": "Uganda",
                          "diallingCode": "+256",
                        },
                        Object {
                          "countryCode": "UA",
                          "countryName": "Ukraine",
                          "diallingCode": "+380",
                        },
                        Object {
                          "countryCode": "AE",
                          "countryName": "United Arab Emirates",
                          "diallingCode": "+971",
                        },
                        Object {
                          "countryCode": "GB",
                          "countryName": "United Kingdom",
                          "diallingCode": "+44",
                        },
                        Object {
                          "countryCode": "US",
                          "countryName": "United States",
                          "diallingCode": "+1",
                        },
                        Object {
                          "countryCode": "UY",
                          "countryName": "Uruguay",
                          "diallingCode": "+598",
                        },
                        Object {
                          "countryCode": "UZ",
                          "countryName": "Uzbekistan",
                          "diallingCode": "+998",
                        },
                      ],
                    },
                    Object {
                      "category": "V",
                      "data": Array [
                        Object {
                          "countryCode": "VU",
                          "countryName": "Vanuatu",
                          "diallingCode": "+678",
                        },
                        Object {
                          "countryCode": "VA",
                          "countryName": "Vatican City",
                          "diallingCode": "+39",
                        },
                        Object {
                          "countryCode": "VE",
                          "countryName": "Venezuela",
                          "diallingCode": "+58",
                        },
                        Object {
                          "countryCode": "VN",
                          "countryName": "Vietnam",
                          "diallingCode": "+84",
                        },
                      ],
                    },
                    Object {
                      "category": "W",
                      "data": Array [
                        Object {
                          "countryCode": "WF",
                          "countryName": "Wallis and Futuna",
                          "diallingCode": "+681",
                        },
                      ],
                    },
                    Object {
                      "category": "Y",
                      "data": Array [
                        Object {
                          "countryCode": "YE",
                          "countryName": "Yemen",
                          "diallingCode": "+967",
                        },
                      ],
                    },
                    Object {
                      "category": "Z",
                      "data": Array [
                        Object {
                          "countryCode": "ZM",
                          "countryName": "Zambia",
                          "diallingCode": "+260",
                        },
                        Object {
                          "countryCode": "ZW",
                          "countryName": "Zimbabwe",
                          "diallingCode": "+263",
                        },
                      ],
                    },
                  ],
                  "disableVirtualization": false,
                  "getItem": [Function],
                  "getItemCount": [Function],
                  "horizontal": false,
                  "initialNumToRender": 10,
                  "invertStickyHeaders": undefined,
                  "keyExtractor": [Function],
                  "keyboardShouldPersistTaps": "handled",
                  "maxToRenderPerBatch": 10,
                  "onContentSizeChange": [Function],
                  "onEndReachedThreshold": 2,
                  "onLayout": [Function],
                  "onMomentumScrollEnd": [Function],
                  "onScroll": [Function],
                  "onScrollBeginDrag": [Function],
                  "onScrollEndDrag": [Function],
                  "onViewableItemsChanged": undefined,
                  "renderItem": [Function],
                  "scrollEventThrottle": 50,
                  "stickyHeaderIndices": Array [
                    0,
                  ],
                  "style": undefined,
                  "updateCellsBatchingPeriod": 50,
                  "windowSize": 21,
                },
                "type": "RCTScrollView",
              }
            </RCTSafeAreaView>,
          ],
          "props": Object {
            "animationType": "slide",
            "hardwareAccelerated": false,
            "onRequestClose": [Function],
            "transparent": false,
            "visible": false,
          },
          "type": "Modal",
        }
        <View
          accessible={true}
          focusable={true}
          onClick={[Function]}
          onResponderGrant={[Function]}
          onResponderMove={[Function]}
          onResponderRelease={[Function]}
          onResponderTerminate={[Function]}
          onResponderTerminationRequest={[Function]}
          onStartShouldSetResponder={[Function]}
          style={
            Object {
              "borderBottomColor": "#c4c4c4",
              "borderBottomWidth": 1,
              "display": "flex",
              "flexDirection": "column",
              "height": 61,
              "justifyContent": "space-evenly",
              "paddingBottom": 2,
              "width": 100,
            }
          }
        >
          <Text
            style={
              Object {
                "color": "#003d9a",
                "fontSize": 12,
                "fontWeight": "bold",
              }
            }
          >
            
          </Text>
          <View
            style={
              Object {
                "alignItems": "center",
                "display": "flex",
                "flexDirection": "row",
                "justifyContent": "space-around",
              }
            }
          >
            <SvgMock />
            <Text
              style={
                Object {
                  "color": "#003d9a",
                  "fontSize": 14,
                  "fontWeight": "bold",
                }
              }
            >
              +852
            </Text>
            <SvgMock />
          </View>
        </View>
        <View
          style={
            Object {
              "flex": 1,
              "marginLeft": 8,
              "marginTop": 10,
            }
          }
        >
          <View
            accessible={true}
            focusable={true}
            onClick={[Function]}
            onResponderGrant={[Function]}
            onResponderMove={[Function]}
            onResponderRelease={[Function]}
            onResponderTerminate={[Function]}
            onResponderTerminationRequest={[Function]}
            onStartShouldSetResponder={[Function]}
            style={
              Array [
                Object {
                  "height": 72,
                  "width": 100,
                },
                Object {
                  "width": "100%",
                },
              ]
            }
          >
            <Text
              style={
                Object {
                  "color": "#003D9A",
                  "fontSize": 14,
                  "fontWeight": "bold",
                  "height": 19.73,
                  "position": "absolute",
                  "top": 21,
                }
              }
            >
              
            </Text>
            Object {
              "children": null,
              "props": Object {
                "allowFontScaling": true,
                "editable": true,
                "keyboardType": "phone-pad",
                "maxLength": 12,
                "onBlur": [Function],
                "onChangeText": [Function],
                "onFocus": [Function],
                "onSubmitEditing": [Function],
                "rejectResponderTermination": true,
                "returnKeyLabel": "Done",
                "returnKeyType": "done",
                "style": Array [
                  Object {
                    "borderBottomWidth": 1,
                    "color": "#2B2D2C",
                    "fontSize": 14,
                    "fontWeight": "normal",
                    "height": 29.73,
                    "paddingBottom": 10,
                    "position": "absolute",
                    "top": 21,
                    "width": "100%",
                  },
                  Object {
                    "borderBottomColor": "#C4C4C4",
                  },
                ],
                "underlineColorAndroid": "transparent",
                "value": "",
              },
              "type": "TextInput",
            }
            <Text
              style={
                Object {
                  "color": "#FF0000",
                  "fontSize": 12,
                  "fontWeight": "bold",
                  "height": 19.73,
                  "opacity": 0,
                  "position": "absolute",
                  "textAlignVertical": "center",
                  "top": 53.27,
                }
              }
            >
              
            </Text>
          </View>
          <View
            accessibilityLabel="btn-navigateUserSMSCodeScreen"
            accessible={true}
            focusable={true}
            onClick={[Function]}
            onResponderGrant={[Function]}
            onResponderMove={[Function]}
            onResponderRelease={[Function]}
            onResponderTerminate={[Function]}
            onResponderTerminationRequest={[Function]}
            onStartShouldSetResponder={[Function]}
            style={
              Object {
                "alignItems": "center",
                "alignSelf": "stretch",
                "backgroundColor": "#97B5E2",
                "borderRadius": 5,
                "display": "flex",
                "height": 23,
                "justifyContent": "center",
                "marginVertical": 10,
                "opacity": 1,
                "padding": 3,
                "position": "absolute",
                "right": 0,
                "top": 10,
                "width": 51,
              }
            }
          >
            <Text
              style={
                Object {
                  "color": "#FFFFFF",
                  "fontSize": 10,
                  "fontWeight": "bold",
                  "textTransform": "capitalize",
                }
              }
            >
              
            </Text>
          </View>
        </View>
      </View>
    </View>
  </View>
</RCTScrollView>
`;
